node.exe : FAIL 
src/__tests__/calculations.test.js
En C:\Program Files\nodejs\npx.ps1: 29 
Carácter: 3
+   & $NODE_EXE $NPX_CLI_JS $args
+   ~~~~~~~~~~~~~~~~~~~~~~~~~~~~~
    + CategoryInfo          : NotSpecif 
   ied: (FAIL src/__tests__/calculatio  
  ns.test.js:String) [], RemoteExcept   
 ion
    + FullyQualifiedErrorId : NativeCom 
   mandError
 
  ÔùÅ Test suite failed to run

    [BABEL] C:\Users\Guille\Downloads\Di
gitalBoostEmpire-app\node_modules\react-
native\jest\react-native-env.js: Cannot 
find module 
'react-native-worklets/plugin'
    Require stack:
    - C:\Users\Guille\Downloads\DigitalB
oostEmpire-app\node_modules\react-native
-reanimated\plugin\index.js
    - C:\Users\Guille\Downloads\DigitalB
oostEmpire-app\node_modules\babel-preset
-expo\build\index.js
    - C:\Users\Guille\Downloads\DigitalB
oostEmpire-app\node_modules\@babel\core\
lib\config\files\module-types.js
    - C:\Users\Guille\Downloads\DigitalB
oostEmpire-app\node_modules\@babel\core\
lib\config\files\configuration.js
    - C:\Users\Guille\Downloads\DigitalB
oostEmpire-app\node_modules\@babel\core\
lib\config\files\index.js
    - C:\Users\Guille\Downloads\DigitalB
oostEmpire-app\node_modules\@babel\core\
lib\index.js
    - C:\Users\Guille\Downloads\DigitalB
oostEmpire-app\node_modules\jest-snapsho
t\build\index.js
    - C:\Users\Guille\Downloads\DigitalB
oostEmpire-app\node_modules\jest-runtime
\build\index.js
    - C:\Users\Guille\Downloads\DigitalB
oostEmpire-app\node_modules\@jest\core\b
uild\index.js
    - C:\Users\Guille\Downloads\DigitalB
oostEmpire-app\node_modules\jest-cli\bui
ld\index.js
    - C:\Users\Guille\Downloads\DigitalB
oostEmpire-app\node_modules\jest-cli\bin
\jest.js
    - C:\Users\Guille\Downloads\DigitalB
oostEmpire-app\node_modules\jest\bin\jes
t.js (While processing: "C:\\Users\\Guil
le\\Downloads\\DigitalBoostEmpire-app\\n
ode_modules\\babel-preset-expo\\build\\i
ndex.js")

      at Object.<anonymous> (node_module
s/react-native-reanimated/plugin/index.j
s:2:16)
      at Object.newLoader (node_modules/
pirates/lib/index.js:134:7)
      at babelPresetExpo (node_modules/b
abel-preset-expo/build/index.js:291:62)
      at sync (node_modules/@babel/core/
lib/gensync-utils/async.js:30:25)
      at sync 
(node_modules/gensync/index.js:182:19)
      at 
node_modules/gensync/index.js:210:24
      at node_modules/@babel/core/lib/co
nfig/full.js:180:21
      at Function.<anonymous> (node_modu
les/@babel/core/lib/gensync-utils/async.
js:21:3)
      at evaluateSync 
(node_modules/gensync/index.js:251:28)
      at Function.sync 
(node_modules/gensync/index.js:89:14)
      at sync (node_modules/@babel/core/
lib/gensync-utils/async.js:61:25)
      at sync 
(node_modules/gensync/index.js:182:19)
      at onFirstPause 
(node_modules/gensync/index.js:210:24)
      at cachedFunction (node_modules/@b
abel/core/lib/config/caching.js:52:46)
          at cachedFunction.next 
(<anonymous>)
      at loadPresetDescriptor (node_modu
les/@babel/core/lib/config/full.js:292:4
3)
          at loadPresetDescriptor.next 
(<anonymous>)
      at recursePresetDescriptors (node_
modules/@babel/core/lib/config/full.js:7
7:31)
          at 
recursePresetDescriptors.next 
(<anonymous>)
      at node_modules/@babel/core/lib/co
nfig/full.js:156:21
      at loadFullConfig (node_modules/@b
abel/core/lib/config/full.js:113:5)
          at loadFullConfig.next 
(<anonymous>)
      at transform (node_modules/@babel/
core/lib/transform.js:20:44)
          at transform.next 
(<anonymous>)
      at evaluateSync 
(node_modules/gensync/index.js:251:28)
      at sync 
(node_modules/gensync/index.js:89:14)
      at stopHiding - secret - don't 
use this - v1 (node_modules/@babel/core/
lib/errors/rewrite-stack-trace.js:47:12)
      at transformSync (node_modules/@ba
bel/core/lib/transform.js:42:76)

Test Suites: 1 failed, 1 total
Tests:       0 total
Snapshots:   0 total
Time:        1.158 s
Ran all test suites matching 
src/__tests__/calculations.test.js.
